Compiling the CUDA compiler identification source file "CMakeCUDACompilerId.cu" failed.
Compiler: /usr/local/cuda/bin/nvcc 
Build flags: 
Id flags:  -v;--keep;--keep-dir;tmp

The output was:
1
#$ _SPACE_= 
#$ _CUDART_=cudart
#$ _HERE_=/usr/local/cuda/bin
#$ _THERE_=/usr/local/cuda/bin
#$ _TARGET_SIZE_=
#$ _TARGET_DIR_=
#$ _TARGET_SIZE_=64
#$ TOP=/usr/local/cuda/bin/..
#$ NVVMIR_LIBRARY_DIR=/usr/local/cuda/bin/../nvvm/libdevice
#$ LD_LIBRARY_PATH=/usr/local/cuda/bin/../lib:
#$ PATH=/usr/local/cuda/bin/../nvvm/bin:/usr/local/cuda/bin:/usr/local/cuda-11.6/bin:/home/sudesh/anaconda3/bin:/home/sudesh/anaconda3/condabin:/home/sudesh/.local/bin:/home/sudesh/bin:/usr/local/sbin:/usr/local/bin:/usr/sbin:/usr/bin:/sbin:/bin:/usr/games:/usr/local/games:/usr/local/cuda/bin:/snap/bin
#$ INCLUDES="-I/usr/local/cuda/bin/..//include"  
#$ LIBRARIES=  "-L/usr/local/cuda/bin/..//lib64/stubs" "-L/usr/local/cuda/bin/..//lib64"
#$ CUDAFE_FLAGS=
#$ PTXAS_FLAGS=
#$ rm tmp/a_dlink.reg.c
#$ gcc -std=c++14 -D__CUDA_ARCH__=300 -E -x c++  -DCUDA_DOUBLE_MATH_FUNCTIONS -D__CUDACC__ -D__NVCC__  "-I/usr/local/cuda/bin/..//include"   -D"__CUDACC_VER_BUILD__=85" -D"__CUDACC_VER_MINOR__=1" -D"__CUDACC_VER_MAJOR__=9" -include "cuda_runtime.h" -m64 "CMakeCUDACompilerId.cu" > "tmp/CMakeCUDACompilerId.cpp1.ii" 
In file included from /usr/local/cuda/bin/..//include/host_config.h:50,
                 from /usr/local/cuda/bin/..//include/cuda_runtime.h:78,
                 from <command-line>:
/usr/local/cuda/bin/..//include/crt/host_config.h:121:2: error: #error -- unsupported GNU version! gcc versions later than 6 are not supported!
  121 | #error -- unsupported GNU version! gcc versions later than 6 are not supported!
      |  ^~~~~
# --error 0x1 --


Compiling the CUDA compiler identification source file "CMakeCUDACompilerId.cu" failed.
Compiler: /usr/local/cuda/bin/nvcc 
Build flags: 
Id flags:  -v;--keep;--keep-dir;tmp

The output was:
1
#$ _SPACE_= 
#$ _CUDART_=cudart
#$ _HERE_=/usr/local/cuda/bin
#$ _THERE_=/usr/local/cuda/bin
#$ _TARGET_SIZE_=
#$ _TARGET_DIR_=
#$ _TARGET_SIZE_=64
#$ TOP=/usr/local/cuda/bin/..
#$ NVVMIR_LIBRARY_DIR=/usr/local/cuda/bin/../nvvm/libdevice
#$ LD_LIBRARY_PATH=/usr/local/cuda/bin/../lib:
#$ PATH=/usr/local/cuda/bin/../nvvm/bin:/usr/local/cuda/bin:/usr/local/cuda-11.6/bin:/home/sudesh/anaconda3/bin:/home/sudesh/anaconda3/condabin:/home/sudesh/.local/bin:/home/sudesh/bin:/usr/local/sbin:/usr/local/bin:/usr/sbin:/usr/bin:/sbin:/bin:/usr/games:/usr/local/games:/usr/local/cuda/bin:/snap/bin
#$ INCLUDES="-I/usr/local/cuda/bin/..//include"  
#$ LIBRARIES=  "-L/usr/local/cuda/bin/..//lib64/stubs" "-L/usr/local/cuda/bin/..//lib64"
#$ CUDAFE_FLAGS=
#$ PTXAS_FLAGS=
#$ rm tmp/a_dlink.reg.c
#$ gcc -std=c++14 -D__CUDA_ARCH__=300 -E -x c++  -DCUDA_DOUBLE_MATH_FUNCTIONS -D__CUDACC__ -D__NVCC__  "-I/usr/local/cuda/bin/..//include"   -D"__CUDACC_VER_BUILD__=85" -D"__CUDACC_VER_MINOR__=1" -D"__CUDACC_VER_MAJOR__=9" -include "cuda_runtime.h" -m64 "CMakeCUDACompilerId.cu" > "tmp/CMakeCUDACompilerId.cpp1.ii" 
In file included from /usr/local/cuda/bin/..//include/host_config.h:50,
                 from /usr/local/cuda/bin/..//include/cuda_runtime.h:78,
                 from <command-line>:
/usr/local/cuda/bin/..//include/crt/host_config.h:121:2: error: #error -- unsupported GNU version! gcc versions later than 6 are not supported!
  121 | #error -- unsupported GNU version! gcc versions later than 6 are not supported!
      |  ^~~~~
# --error 0x1 --


Determining if the CUDA compiler works failed with the following output:
Change Dir: /home/sudesh/Public/SummerSemester2022/DEM_SOLVER/CMakeFiles/CMakeTmp

Run Build Command(s):/usr/bin/make cmTC_2f3c0/fast && /usr/bin/make -f CMakeFiles/cmTC_2f3c0.dir/build.make CMakeFiles/cmTC_2f3c0.dir/build
make[1]: Entering directory '/home/sudesh/Public/SummerSemester2022/DEM_SOLVER/CMakeFiles/CMakeTmp'
Building CUDA object CMakeFiles/cmTC_2f3c0.dir/main.cu.o
/usr/local/cuda/bin/nvcc     -x cu -c /home/sudesh/Public/SummerSemester2022/DEM_SOLVER/CMakeFiles/CMakeTmp/main.cu -o CMakeFiles/cmTC_2f3c0.dir/main.cu.o
In file included from /usr/local/cuda/bin/..//include/host_config.h:50,
                 from /usr/local/cuda/bin/..//include/cuda_runtime.h:78,
                 from <command-line>:
/usr/local/cuda/bin/..//include/crt/host_config.h:121:2: error: #error -- unsupported GNU version! gcc versions later than 6 are not supported!
  121 | #error -- unsupported GNU version! gcc versions later than 6 are not supported!
      |  ^~~~~
make[1]: *** [CMakeFiles/cmTC_2f3c0.dir/build.make:66: CMakeFiles/cmTC_2f3c0.dir/main.cu.o] Error 1
make[1]: Leaving directory '/home/sudesh/Public/SummerSemester2022/DEM_SOLVER/CMakeFiles/CMakeTmp'
make: *** [Makefile:121: cmTC_2f3c0/fast] Error 2



